[backblue.gif]
[fade.gif]
[index.html]
[hhroses.art/images/favicon-src/haileee's-comet_favicon.ico]
[hhroses.art/images/pink_clouds.jpg]
[hhroses.art/cursors/default.png]
[hhroses.art/cursors/pointer.png]
[hhroses.art/cursors/medievalhand-writing.png]
[hhroses.art/images/misc/buymeacoffee.png]
[hhroses.art/images/misc/buymeacoffeeactivehover.png]
[hhroses.art/images/misc/buymeacoffeeactive.png]
[hhroses.art/images/STARTUPS/HRYJHZTUBHAGTNWE6YDVQJALWCY5VSE2.gif]
[hhroses.art/audio/The Microsoft Sound.wav]
[pixelsafari.neocities.org/dividers/animal/bunny2.gif]
[hhroses.art/images/cd.png]
[hhroses.art/images/titles/Home_Glitter.gif]
[hhroses.art/images/titles/hhroses.gif]
[hhroses.art/my-pictures/2d-art-gallery/2024-Art/fairy/fairy-by-hhroses.png]
[hhroses.art/my-pictures/2d-art-gallery/2024-Art/000-TEETH/tooth 1.png]
[hhroses.art/my-pictures/2d-art-gallery/2024-Art/000-TEETH/tooth 2.png]
[hhroses.art/my-pictures/2d-art-gallery/2024-Art/000-TEETH/tooth 3.png]
[hhroses.art/my-pictures/2d-art-gallery/2024-Art/000-TEETH/tooth 4.png]
[hhroses.art/images/navbar-icons/gallery.png]
[hhroses.art/my-pictures/2d-art-gallery/2020-Art/transdimensional-soul/Snapinsta.app_292944125_1421553541602905_1697649997819700764_n_1080_1.jpg]
[hhroses.art/programs/ipod/ipod.png]
[hhroses.art/images/misc/sign-guestbook.png]
[hhroses.art/home.html]
[unpkg.com/98.css@0.1.21/dist/ms_sans_serif.woff]
[unpkg.com/98.css@0.1.21/dist/ms_sans_serif.woff2]
[unpkg.com/98.css@0.1.21/dist/ms_sans_serif_bold.woff]
[unpkg.com/98.css@0.1.21/dist/ms_sans_serif_bold.woff2]
[unpkg.com/98.css@0.1.21/dist/98.css]
[hhroses.art/font/CelticBitThin.woff]
[hhroses.art/font/CelticBitThin.ttf]
[hhroses.art/images/backgrounds/pink_clouds.jpg]
[hhroses.art/images/backgrounds/pixel-star-background.gif]
[hhroses.art/cursors/wait.png]
[hhroses.art/cursors/progress.png]
[hhroses.art/images/noise2.jpg]
[hhroses.art/cursors/e-resize_or_w-resize.png]
[hhroses.art/cursors/move.png]
[hhroses.art/cursors/nw-resize_or_se-resize.png]
[hhroses.art/images/misc/wip-stickynote.png]
[hhroses.art/defaultpage.css]
[hhroses.art/audio/Windows98ErrorSoundEffect.mp3]
[hhroses.art/audio/sound-effects/win98OS/Win98LogoffShutdown.mp3]
[win98icons.alexmeub.com/icons/png/windows-4.png]
[win98icons.alexmeub.com/icons/png/windows_update_large-4.png]
[win98icons.alexmeub.com/icons/png/file_program_group-0.png]
[win98icons.alexmeub.com/icons/png/directory_closed-1.png]
[hhroses.art/images/icons/calculator-16x16.png]
[hhroses.art/images/icons/notepad-16x16.png]
[hhroses.art/images/icons/paint-16x16.png]
[hhroses.art/images/icons/speaker-32x32.png]
[hhroses.art/images/icons/solitaire-16x16.png]
[hhroses.art/images/icons/minesweeper-16x16.png]
[hhroses.art/images/navbar-icons/star.png]
[hhroses.art/images/egg.png]
[hhroses.art/images/icons/dressupgameicon.gif]
[hhroses.art/images/icons/piano-icon.png]
[hhroses.art/images/icons/tictactoeicon.png]
[hhroses.art/images/icons/connect4icon.png]
[hhroses.art/images/icons/frogicon.png]
[hhroses.art/images/icons/squarepuzzle-32.png]
[hhroses.art/images/icons/sliding-puzzle-32.png]
[hhroses.art/images/icons/matchemup-16.png]
[hhroses.art/images/icons/logoff-32x32.png]
[hhroses.art/defaultpage.js]
[hhroses.art/navbar.css]
[hhroses.art/images/navbar-icons/note.png]
[hhroses.art/images/navbar-icons/home.png]
[hhroses.art/images/navbar-icons/books.png]
[hhroses.art/images/icons/os-js-16x16.png]
[hhroses.art/images/navbar-icons/music.png]
[hhroses.art/images/navbar-icons/video.png]
[hhroses.art/images/navbar-icons/games.png]
[hhroses.art/images/icons/run-16x16.png]
[hhroses.art/images/icons/zone-internet-16x16.png]
[hhroses.art/images/navbar-icons/mail.png]
[hhroses.art/navbar.js]
[iframe.chat/scripts/main.min.js]
[hhroses.art/programs/ipod/ipod.css]
[hhroses.art/programs/ipod/ipod.js]
[hhroses.art/my-pictures/art-gallery/2026-Art/IMG_0101.html]
[hhroses.art/my-pictures/art-gallery/2026-Art/IMG_0168.html]
[cdn.gtranslate.net/widgets/latest/dwf.js]
[hhroses.art/cdn-cgi/challenge-platform/h/g/scripts/jsd/330e41bb475c/maind41d.js]
[hhroses.art/images/backgrounds/seamlessgalaxy3.jpg]
[hhroses.art/images/green_code.gif]
[hhroses.art/images/frutiger-aero/clouds_25.png]
[hhroses.art/images/misc/comicexplode.png]
[hhroses.art/images/frutiger-aero/foregrounds_73.png]
[hhroses.art/images/90s_pc2.png]
[hhroses.art/images/misc/ff5-Welcome to my website Its been optimized for computers. Mobile v.png]
[hhroses.art/images/enterbutton3.png]
[hhroses.art/images/flying-fairy.gif]
[hhroses.art/images/little_gnome.png]
[hhroses.art/images/icons/clock-16x16.png]
[hhroses.art/neocities.png]
[hhroses.art/index.html]
[cdn.gtranslate.net/widgets/latest/lib.min.js]
[hhroses.art/j[lJ(dX.k.html]
[hhroses.art/src/haileetheme/contextmenu/contextmenu.css]
[hhroses.art/src/haileetheme/contextmenu/contextmenuae52.js]
[hhroses.art/programs/Splash-Cursor/splash-cursor.js]
[hhroses.art/audio/notifications/xbox-360-achievement-sound.mp3]
[hhroses.art/src/achievements/script5e1f.js]
[hhroses.art/src/achievements/style.css]
[brooklynights.nekoweb.org/we_bring/onionring-variables.js]
[brooklynights.nekoweb.org/we_bring/window.png]
[brooklynights.nekoweb.org/we_bring/flag.png]
[brooklynights.nekoweb.org/we_bring/onionring-widget.js]
[hhroses.art/images/STARTUPS/Matrix_mode_3_CPCBasic.gif]
[hhroses.art/images/STARTUPS/tumblr_n889uglyGn1sh05g3o1_250.gif]
[hhroses.art/images/D5XM.gif]
[i.gifer.com/embedded/download/3Sgr.gif]
[hhroses.art/images/STARTUPS/bios-startup-transparent-background.gif]
[img1.picmix.com/output/stamp/normal/3/9/6/7/2387693_e8061.gif]
[img1.picmix.com/output/stamp/normal/3/9/1/6/2506193_53e1b.gif]
[img1.picmix.com/output/stamp/normal/7/2/8/0/1540827_7eaf8.gif]
[img1.picmix.com/output/stamp/normal/2/2/0/7/2467022_6b773.gif]
[img1.picmix.com/output/stamp/normal/8/0/2/1/2551208_ea77a.gif]
[hhroses.art/images/STARTUPS/corner.png]
[hhroses.art/bios-startup.html]
[hhroses.art/src/site-view-geo-tracker/script.js]
[cdn.jsdelivr.net/npm/chart.js]
[hhroses.art/privacy-policy.html]
[hhroses.art/terms-of-service.html]
[cdn.gtranslate.net/widgets/latest/Edg/index.html]
[cdn.gtranslate.net/widgets/latest/+/index.html]
[hhroses.art/images/maps/worldGreatLakesHigh.svg]
[st.depositphotos.com/1043073/3514/i/450/depositphotos_35147139-stock-photo-abstract-gold-background.jpg]
[hhroses.art/audio/goblin/daviddumaisaudio-small-monster-attack-195712.mp3]
[hhroses.art/images/icons/winxp-doge-16x16.png]
[hhroses.art/src/achievements/trophies-page.html]
[hhroses.art/cdn-cgi/l/email-protection.html]
[hhroses.art/cdn-cgi/scripts/5c5dd728/cloudflare-static/email-decode.min.js]
[hhroses.art/defaultpage.html]
[hhroses.art/images/transdimensional-soul-by-hhroses.jpg]
[hhroses.art/cursors/not-allowed.png]
[hhroses.art/images/titles/Art Gallery.gif]
[hhroses.art/images/titles/a362945919506348857b39a093d4c5023b1467d8da39a3ee5e6b4b0d3255bfef95601890afd80709da39a3ee5e6b4b0d3255bfef95601890afd80709a1142554724bdbaac91494041ac5856a.gif]
[hhroses.art/images/icons/find-folder-16x16.png]
[hhroses.art/images/icons/my-documents-folder-32x32.png]
[hhroses.art/images/icons/directory_open_file_mydocs_2k-3.png]
[hhroses.art/images/knight_headbobbing.gif]
[hhroses.art/2dart.html]
[hhroses.art/3D-models/2024/trixie/screencaps/489656380_1252793889902553_6448374040387336824_n.jpg]
[hhroses.art/images/titles/3d.gif]
[hhroses.art/images/icons/os-js-32x32.png]
[hhroses.art/images/3d-GIFs/3dhead.gif]
[hhroses.art/images/3d-GIFs/earth.gif]
[hhroses.art/images/3d-GIFs/pyramid.gif]
[hhroses.art/images/3d-GIFs/rubix-cube.gif]
[hhroses.art/images/3d-GIFs/CD.gif]
[hhroses.art/3dart.html]
[hhroses.art/images/backgrounds/library.png]
[web.archive.org/web/20040220002303if_/http_/www.geocities.com_80/ciclope82/buyit.gif]
[blob.gifcities.org/gifcities/HMAYS6VB2UEK5T6GWC2FTGX5MKEHXCMM.gif]
[hhroses.art/images/misc/trashcan.png]
[hhroses.art/images/books/tinybugbook.png]
[hhroses.art/audio/book-noises/book-closing.mp3]
[hhroses.art/audio/book-noises/book-closing2.mp3]
[hhroses.art/images/misc/chair.png]
[hhroses.art/images/titles/Booksby.png]
[hhroses.art/images/titles/HHroses_Fire.gif]
[hhroses.art/images/bookcase.png]
[hhroses.art/images/books/tinywhalebook.png]
[hhroses.art/images/books/tinypixiebook.png]
[hhroses.art/images/screencaps/Screenshot 2026-07-28 130609.png]
[hhroses.art/books.html]
[pixelsafari.neocities.org/dividers/fantasycityscape.png]
[media.istockphoto.com/id/1294803090/photo/istockphoto-1294803090-612x612eece.jpg]
[m.media-amazon.com/images/I/61whLYVYbWL._AC_UF894,1000_QL80_.jpg]
[pixelsafari.neocities.org/dividers/more/sheetmusic2.gif]
[web.archive.org/web/20090830111112im_/http_/geocities.com/Area51/Dreamworld/2770/ball8_cl.gif]
[hhroses.art/images/titles/Music.png]
[hhroses.art/images/tvradio.png]
[hhroses.art/images/STARTUPS/static.gif]
[hhroses.art/images/CDs/crystal caves.png]
[hhroses.art/images/CDs/weeping-angelscd3.png]
[hhroses.art/images/CDs/conquest-cd4.png]
[hhroses.art/images/CDs/playstation-cd.png]
[hhroses.art/images/CDs/adventure-time-cd2.png]
[hhroses.art/images/CDs/dungeon-cd-2.png]
[hhroses.art/images/CDs/i-feel-strange-cassette.png]
[hhroses.art/images/CDs/save-cd.png]
[hhroses.art/images/knight_dancing.gif]
[hhroses.art/music.html]
[hhroses.art/images/misc/tiny-pin.png]
[hhroses.art/images/titles/travel.png]
[hhroses.art/images/misc/compass.png]
[hhroses.art/images/money/euros/euros.png]
[hhroses.art/images/money/usd/dime-head.png]
[hhroses.art/images/money/usd/dime-tails.png]
[hhroses.art/images/money/usd/quarter.png]
[hhroses.art/images/money/usd/quarter-head-2.png]
[hhroses.art/images/money/usd/quarter-head.png]
[hhroses.art/images/money/usd/usa-coin.png]
[hhroses.art/images/money/usd/dollar-coin.png]
[hhroses.art/images/money/usd/dollar-coin-2.png]
[hhroses.art/images/maps/world-map-made-by-hhoses.png]
[hhroses.art/travel.html]
[hhroses.art/credits.html]
[hhroses.art/audio/backrooms/10-minutes-of-backrooms-light-buzzing.mp3]
[upload.wikimedia.org/wikipedia/commons/b/bb/HobbyTown_USA_Oshkosh_interior_under_construction_2002_(The_Backrooms).jpg]
[hhroses.art/images/icons/thebackrooms-32.jpg]
[hhroses.art/audio/backrooms/10-minutes-of-backrooms-light-buzzing0883.mp3]
[hhroses.art/programs/the-backrooms/index.html]
[hhroses.art/src/achievements/trophy_list.js]
[hhroses.art/defaultpaged6bc.css]
[hhroses.art/defaultpageb676.js]
[hhroses.art/src/haileetheme/contextmenu/contextmenu.js]
[hhroses.art/navbarbc11.css]
[hhroses.art/navbarb6f5.js]
[pagead2.googlesyndication.com/pagead/js/f4d41.txt]
[hhroses.art/navbar5e1f.css]
[5gvci.com/act/files/tag.min53b6.js]
[hhroses.art/src/galleries/2d-art-gallery/2007.js]
[hhroses.art/src/galleries/2d-art-gallery/2008.js]
[hhroses.art/src/galleries/2d-art-gallery/2009.js]
[hhroses.art/src/galleries/2d-art-gallery/2010.js]
[hhroses.art/src/galleries/2d-art-gallery/2011.js]
[hhroses.art/src/galleries/2d-art-gallery/2012.js]
[hhroses.art/src/galleries/2d-art-gallery/2013.js]
[hhroses.art/src/galleries/2d-art-gallery/2014.js]
[hhroses.art/src/galleries/2d-art-gallery/2015.js]
[hhroses.art/src/galleries/2d-art-gallery/2016.js]
[hhroses.art/src/galleries/2d-art-gallery/2017.js]
[hhroses.art/src/galleries/2d-art-gallery/2018.js]
[hhroses.art/src/galleries/2d-art-gallery/2019.js]
[hhroses.art/src/galleries/2d-art-gallery/2020.js]
[hhroses.art/src/galleries/2d-art-gallery/2021.js]
[hhroses.art/src/galleries/2d-art-gallery/2022.js]
[hhroses.art/src/galleries/2d-art-gallery/2023.js]
[hhroses.art/src/galleries/2d-art-gallery/2024.js]
[hhroses.art/src/galleries/2d-art-gallery/2025.js]
[hhroses.art/src/galleries/2d-art-gallery/2026.js]
[hhroses.art/images/dividers/vintage-lace.html]
[hhroses.art/navbar3f56.js]
[hhroses.art/src/galleries/3d-art-gallery/3d-art-list-001.js]
[hhroses.art/defaultpagebc11.css]
[hhroses.art/defaultpagef1e0.js]
[hhroses.art/src/haileetheme/mobiledefault.html]
[hhroses.art/programs/ipod/ipod5e1f.css]
[hhroses.art/programs/ipod/ipod5e1f.js]
[hhroses.art/font/ms-sans-serif-1.otf]
[hhroses.art/cursors/help.png]
[hhroses.art/programs/the-backrooms/src/style.css]
[hhroses.art/src/achievements/stylebc11.css]
[hhroses.art/src/achievements/scriptbc11.js]
[hhroses.art/programs/the-backrooms/level0000-threshold/0002.html]
[hhroses.art/programs/the-backrooms/src/scriptc164.js]
[hhroses.art/m[x.dj].html]
[hhroses.art/c[x.pK].html]
[unionstreetjournal.com/wp-content/uploads/2022/03/the-backrooms.jpg]
[hhroses.art/programs/the-backrooms/level0000-threshold/0004a.html]
[hhroses.art/programs/the-backrooms/level0000-threshold/0004bcd.html]
[hhroses.art/programs/the-backrooms/src/script.js]
[cdn.80.lv/api/upload/content/63/images/66593af26aa27/widen_1840x0.jpeg]
[www.trillmag.com/wp-content/uploads/2022/04/what-are-backrooms.jpg]
[hhroses.art/programs/the-backrooms/level0000-threshold/0003a.html]
[static.wikia.nocookie.net/backrooms-freewriting/images/2/2d/Darko.webp_; filename_=UTF-8''Darko.webp]
[hhroses.art/programs/the-backrooms/level0000-threshold/img/backroomz.png]
[hhroses.art/programs/the-backrooms/level0000-threshold/0004astraight.html]
[static.wikia.nocookie.net/kane-pixels-backrooms/images/f/f0/Pitfalls_Line.webp_; filename_=UTF-8''Pitfalls_Line.webp]
[hhroses.art/programs/the-backrooms/level0000-threshold/wire0.html]
[hhroses.art/programs/the-backrooms/level0000-threshold/0003b.html]
[i.ytimg.com/vi/eXdIDjzy6KY/sddefault.jpg]
[hhroses.art/programs/the-backrooms/level0000-threshold/0005a.html]
[hhroses.art/programs/the-backrooms/level0000-threshold/img/backroom-corner.png]
[hhroses.art/programs/the-backrooms/level0000-threshold/0004astraight2.html]
[hhroses.art/programs/the-backrooms/level0000-threshold/wire02.html]
[hhroses.art/programs/the-backrooms/level0000-threshold/0004b.html]
[static.wikia.nocookie.net/kane-pixels-backrooms/images/a/a8/Damage_Control_Division_14.webp_; filename_=UTF-8''Damage_Control_Division_14.webp]
[hhroses.art/programs/the-backrooms/level0000-threshold/00005ba1.html]
[static.wikia.nocookie.net/kane-pixels-backrooms/images/7/76/Plus_Shaped_Pillars.webp_; filename_=UTF-8''Plus_Shaped_Pillars.webp]
[hhroses.art/programs/the-backrooms/level0000-threshold/0005b.html]
[hhroses.art/programs/the-backrooms/level0000-threshold/img/hole-variation.jpg]
[hhroses.art/programs/the-backrooms/level0000-threshold/0004astraight3.html]
[static.wikia.nocookie.net/kane-pixels-backrooms/images/0/0f/Chatter_Devices_Area.webp_; filename_=UTF-8''Chatter_Devices_Area.webp]
[hhroses.art/programs/the-backrooms/level0000-threshold/wire1.html]
[hhroses.art/programs/the-backrooms/level0000-threshold/0004bc.html]
[static.wikia.nocookie.net/kane-pixels-backrooms/images/a/a1/Hallway_Tape.webp_; filename_=UTF-8''Hallway_Tape.webp]
[hhroses.art/programs/the-backrooms/level0000-threshold/00005ba2.html]
[static.wikia.nocookie.net/kane-pixels-backrooms/images/b/bc/Pitfalls_Room.webp_; filename_=UTF-8''Pitfalls_Room.webp]
[hhroses.art/programs/the-backrooms/level0000-threshold/0006.html]
[hhroses.art/audio/backrooms/HeavyWallPounding.mp3]
[hhroses.art/programs/the-backrooms/level0000-threshold/Manila-Room/1.html]
[hhroses.art/audio/backrooms/HeavyWallPounding0883.mp3]
[hhroses.art/programs/the-backrooms/level0000-threshold/moree.html]
[hhroses.art/programs/the-backrooms/level0000-threshold/x001.html]
[upload.wikimedia.org/wikipedia/commons/6/6f/The_Backrooms_-_Digitally_Rendered299d.png]
[hhroses.art/programs/the-backrooms/level0000-threshold/x003.html]
[hhroses.art/programs/the-backrooms/level0000-threshold/x004.html]
[static.wikia.nocookie.net/kane-pixels-backrooms/images/b/b5/Pitfalls_Orange_Hallway.webp_; filename_=UTF-8''Pitfalls_Orange_Hallway.webp]
[hhroses.art/programs/the-backrooms/level0000-threshold/0005b2.html]
[www.mercurynews.com/wp-content/uploads/2026/04/SJM-L-BACKROOMS-0403-01.jpg]
[hhroses.art/programs/the-backrooms/level0000-threshold/x002.html]
[hhroses.art/programs/the-backrooms/level0000-threshold/anotherhallway.html]
[static.wikia.nocookie.net/kane-pixels-backrooms/images/3/31/Chatter_Devices.webp_; filename_=UTF-8''Chatter_Devices.webp]
[hhroses.art/programs/the-backrooms/level0000-threshold/wire2.html]
[static.wikia.nocookie.net/kane-pixels-backrooms/images/7/7f/Pitfalls_Supervisor.webp_; filename_=UTF-8''Pitfalls_Supervisor.webp]
[hhroses.art/programs/the-backrooms/level0000-threshold/00005ba3.html]
[static.wikia.nocookie.net/kane-pixels-backrooms/images/1/11/Pitfalls_Slope.webp_; filename_=UTF-8''Pitfalls_Slope.webp]
[hhroses.art/programs/the-backrooms/level0000-threshold/0006a.html]
[hhroses.art/src/achievements/script.js]
[hhroses.art/programs/the-backrooms/level0000-threshold/pillars.html]
[remnant2.wiki.gg/images/The_Backroomsd49a.html]
[static.wikia.nocookie.net/backrooms-freewriting/images/6/65/Screenshot_2024-10-01_17.32.46.webp_; filename_=UTF-8''Screenshot_2024-10-01_17.32.46.webp]
[hhroses.art/programs/the-backrooms/level0000-threshold/BLURRY.html]
[cdn.mos.cms.futurecdn.net/DPYSnvTnAV3tpfCBKyAv2c.jpg]
[hhroses.art/programs/the-backrooms/level0000-threshold/x006.html]
[static.wikia.nocookie.net/backrooms-redacted/images/5/58/Level0.%2521.run.webp_; filename_=UTF-8''Level0.%2521.run.webp]
[hhroses.art/programs/the-backrooms/level0000-threshold/0.7-Claustrophobia/hospital-bed.html]
[hhroses.art/programs/the-backrooms/level0000-threshold/x000.html]
[hhroses.art/programs/the-backrooms/level0000-threshold/img/redrooms-entrances-v0-4txqkelj3vrg1.webp]
[hhroses.art/programs/the-backrooms/level0000-threshold/Red-Rooms/finding-it-001.html]
[external-preview.redd.it/level-0-2-remodeled-mess-v0-Hqw7O7EtIaQq_VVBcRmMi6dkgclKmpZCWBkYVpNM-YM859a.jpg]
[hhroses.art/programs/the-backrooms/level0000-threshold/0.2-Remodeled-Mess/entrance.html]
[hhroses.art/audio/sound-effects/Radio-Static.mp3]
[hhroses.art/programs/the-backrooms/level0000-threshold/wire3.html]
[static.wikia.nocookie.net/kane-pixels-backrooms/images/1/1b/Pitfalls_Room_Hallway_2.webp_; filename_=UTF-8''Pitfalls_Room_Hallway_2.webp]
[hhroses.art/programs/the-backrooms/level0000-threshold/00005ba4a.html]
[static.wikia.nocookie.net/kane-pixels-backrooms/images/5/54/Pitfalls_Entrance_Room_1.webp_; filename_=UTF-8''Pitfalls_Entrance_Room_1.webp]
[hhroses.art/programs/the-backrooms/level0000-threshold/00005ba4b.html]
[static.wikia.nocookie.net/kane-pixels-backrooms/images/5/51/Pitfalls_Wall_Chute.webp_; filename_=UTF-8''Pitfalls_Wall_Chute.webp]
[hhroses.art/programs/the-backrooms/level0000-threshold/0006ab.html]
[static.wikia.nocookie.net/kane-pixels-backrooms/images/a/ad/Pitfalls.webp_; filename_=UTF-8''Pitfalls.webp]
[hhroses.art/programs/the-backrooms/level0000-threshold/0006a2.html]
[static.wikia.nocookie.net/kane-pixels-backrooms/images/3/34/Film_Backrooms.webp_; filename_=UTF-8''Film_Backrooms.webp]
[hhroses.art/programs/the-backrooms/level0000-threshold/so-much-yellow.html]
[hhroses.art/audio/sound-effects/ambience/EmptyParkingGarage15min.mp3]
[static.wikia.nocookie.net/backrooms/images/9/9a/Level_0.02_p.webp_; filename_=UTF-8''Level_0.02_p.webp]
[hhroses.art/programs/the-backrooms/level0000-threshold/0.02-Kenophobia/first-pic-taken.html]
[i.redd.it/day-0-i-was-in-the-backroom-v0-vyp6n2c0voi813d97.jpg]
[hhroses.art/programs/the-backrooms/level0000-threshold/x007.html]
[static.wikia.nocookie.net/backrooms/images/4/47/0.7New.webp_; filename_=UTF-8''0.7New.webp]
[hhroses.art/programs/the-backrooms/level0000-threshold/0.7-Claustrophobia/narrowHallway.html]
[bloody-disgusting.com/wp-content/uploads/2026/02/Screenshot-2026-02-24-091027.html]
[hhroses.art/programs/the-backrooms/level0000-threshold/somehow-back.html]
[hhroses.art/programs/the-backrooms/level0000-threshold/img/redrooms-entrances-v0-onnz49ru3vrg1.webp]
[hhroses.art/programs/the-backrooms/level0000-threshold/Red-Rooms/finding-it-002.html]
[preview.redd.it/level-0-2-remodeled-mess-v0-asu2nvd9mehb182ae.jpg]
[hhroses.art/programs/the-backrooms/level0000-threshold/0.2-Remodeled-Mess/0000.html]
[static.wikia.nocookie.net/kane-pixels-backrooms/images/1/12/Pitfalls_Entrance_Room_2.webp_; filename_=UTF-8''Pitfalls_Entrance_Room_2.webp]
[hhroses.art/programs/the-backrooms/level0000-threshold/00005ba4b2.html]
[static.wikia.nocookie.net/kane-pixels-backrooms/images/d/de/Backrooms_lower.webp_; filename_=UTF-8''Backrooms_lower.webp]
[hhroses.art/programs/the-backrooms/level0000-threshold/0006ab2.html]
[static.wikia.nocookie.net/kane-pixels-backrooms/images/6/62/Marvin_Being_Rescued.webp_; filename_=UTF-8''Marvin_Being_Rescued.webp]
[hhroses.art/programs/the-backrooms/level0000-threshold/0006abb00.html]
[static.wikia.nocookie.net/kane-pixels-backrooms/images/9/9e/Pitfalls_Glow.webp_; filename_=UTF-8''Pitfalls_Glow.webp]
[hhroses.art/programs/the-backrooms/level0000-threshold/0006a3.html]
[cdn.kinocheck.com/i/z8wcd8fmfc.jpg]
[hhroses.art/programs/the-backrooms/level0000-threshold/more2.html]
[static.wikia.nocookie.net/roblox-bi-game/images/5/50/0.02area.webp_; filename_=UTF-8''0.02area.webp]
[hhroses.art/programs/the-backrooms/level0000-threshold/0.02-Kenophobia/0001.html]
[hhroses.art/programs/the-backrooms/level0007-thalassophobia/entrance.html]
[hhroses.art/programs/the-backrooms/level0000-threshold/img/0-7_bg.webp]
[hhroses.art/programs/the-backrooms/level0000-threshold/0.7-Claustrophobia/dark3.html]
[static.wikia.nocookie.net/backrooms-freewriting/images/8/89/Level_0.1_Unconfirmed.webp_; filename_=UTF-8''Level_0.1_Unconfirmed.webp]
[hhroses.art/programs/the-backrooms/level0000-threshold/Red-Rooms/finding-it-004.html]
[hhroses.art/programs/the-backrooms/level0000-threshold/img/redrooms-entrances-v0-m48kz4l44vrg1.webp]
[hhroses.art/programs/the-backrooms/level0000-threshold/Red-Rooms/finding-it-003.html]
[static.wikia.nocookie.net/roblox-bi-game/images/e/ef/RobloxScreenShot20250412_141343880.webp_; filename_=UTF-8''RobloxScreenShot20250412_141343880.webp]
[hhroses.art/programs/the-backrooms/level0000-threshold/0.2-Remodeled-Mess/0001.html]
[static.wikia.nocookie.net/kane-pixels-backrooms/images/0/06/14A_Passage.webp_; filename_=UTF-8''14A_Passage.webp]
[hhroses.art/programs/the-backrooms/level0000-threshold/00005ba4b3.html]
[hhroses.art/programs/the-backrooms/level0000-threshold/img/blackoutzone.jpg]
[hhroses.art/programs/the-backrooms/level0000-threshold/The-Darkrooms/0000.html]
[static.wikia.nocookie.net/kane-pixels-backrooms/images/3/3f/Upper_Pitfall.webp_; filename_=UTF-8''Upper_Pitfall.webp]
[hhroses.art/programs/the-backrooms/level0000-threshold/0006abb02.html]
[static.wikia.nocookie.net/kane-pixels-backrooms/images/7/7c/Neighborhood_Houses.webp_; filename_=UTF-8''Neighborhood_Houses.webp]
[hhroses.art/programs/the-backrooms/level0000-threshold/00007a3.html]
[hhroses.art/programs/the-backrooms/level0000-threshold/0006a4.html]
[hhroses.art/programs/the-backrooms/level0000-threshold/more3.html]
[preview.redd.it/some-renders-i-tried-to-make-in-blender-photoshop-v0-iumnag1vvq4h1884d.png]
[hhroses.art/programs/the-backrooms/level0000-threshold/0.02-Kenophobia/0003.html]
[hhroses.art/programs/the-backrooms/level0007-thalassophobia/imgs/002.png]
[hhroses.art/programs/the-backrooms/level0007-thalassophobia/diningroom.html]
[static.wikia.nocookie.net/backrooms/images/a/a5/0.7_exit_to_0_cropped.webp_; filename_=UTF-8''0.7_exit_to_0_cropped.webp]
[hhroses.art/programs/the-backrooms/level0000-threshold/0.7-Claustrophobia/exit.html]
[static.wikia.nocookie.net/backrooms-redacted/images/5/53/0.7.webp_; filename_=UTF-8''0.7.webp]
[hhroses.art/programs/the-backrooms/level0000-threshold/0.7-Claustrophobia/dark2.html]
[hhroses.art/programs/the-backrooms/level0000-threshold/Red-Rooms/0000.html]
[hhroses.art/programs/the-backrooms/level0000-threshold/img/redrooms-entrances-v0-xl8n8gz04vrg1.webp]
[hhroses.art/programs/the-backrooms/level0000-threshold/Red-Rooms/finding-it-005.html]
[i.redd.it/remodeled-mess-v0-q70kh3u5xux813250.png]
[hhroses.art/programs/the-backrooms/level0000-threshold/0.2-Remodeled-Mess/0002.html]
[hhroses.art/programs/the-backrooms/level0000-threshold/0.2-Remodeled-Mess/0002c.html]
[static.wikia.nocookie.net/kane-pixels-backrooms/images/f/f0/Neighborhood_Hallway.webp_; filename_=UTF-8''Neighborhood_Hallway.webp]
[hhroses.art/programs/the-backrooms/level0000-threshold/00007a0.html]
[hhroses.art/programs/the-backrooms/level0000-threshold/The-Darkrooms/0001.html]
[static.wikia.nocookie.net/kane-pixels-backrooms/images/a/a4/Backrooms_Pits_teaser.webp_; filename_=UTF-8''Backrooms_Pits_teaser.webp]
[hhroses.art/programs/the-backrooms/level0000-threshold/0006a4back.html]
[static.wikia.nocookie.net/kane-pixels-backrooms/images/0/0b/Pitfalls_House.webp_; filename_=UTF-8''Pitfalls_House.webp]
[hhroses.art/programs/the-backrooms/level0000-threshold/00007a5.html]
[static.wikia.nocookie.net/kane-pixels-backrooms/images/d/df/Pitfalls_Second_Tunnel.webp_; filename_=UTF-8''Pitfalls_Second_Tunnel.webp]
[hhroses.art/programs/the-backrooms/level0000-threshold/00007a4.html]
[i2-prod.manchestereveningnews.co.uk/article31803102.ece/ALTERNATES/s1200d/0_the-backrooms-3.jpg]
[hhroses.art/programs/the-backrooms/level0000-threshold/ARROWS001.html]
[hhroses.art/programs/the-backrooms/level0007-thalassophobia/imgs/004.png]
[hhroses.art/programs/the-backrooms/level0007-thalassophobia/kitchena.html]
[hhroses.art/programs/the-backrooms/level0007-thalassophobia/imgs/003.png]
[hhroses.art/programs/the-backrooms/level0007-thalassophobia/bedroom.html]
[hhroses.art/programs/the-backrooms/level0000-threshold/0.7-Claustrophobia/0005b.html]
[static.wikia.nocookie.net/backrooms-redacted-survival/images/6/6e/ActuallyNewLevel0.7Background.webp_; filename_=UTF-8''ActuallyNewLevel0.7Background.webp]
[hhroses.art/programs/the-backrooms/level0000-threshold/0.7-Claustrophobia/dark.html]
[static.wikia.nocookie.net/backrooms/images/c/cf/Eggrooms-red_%25281%2529.webp_; filename_=UTF-8''Eggrooms-red_%25281%2529.webp]
[hhroses.art/programs/the-backrooms/level0000-threshold/Red-Rooms/0001.html]
[static.wikia.nocookie.net/backrooms-freewriting/images/e/e3/Redroom..webp_; filename_=UTF-8''Redroom..webp]
[hhroses.art/programs/the-backrooms/level0000-threshold/Red-Rooms/0005b.html]
[hhroses.art/programs/the-backrooms/level0000-threshold/img/remodeled-mess-v0-mymndvc7xux81.png]
[hhroses.art/programs/the-backrooms/level0000-threshold/0.2-Remodeled-Mess/staircase.html]
[i.redd.it/remodeled-mess-v0-935ef3u5xux811a9e.png]
[hhroses.art/programs/the-backrooms/level0000-threshold/0.2-Remodeled-Mess/0003b.html]
[hhroses.art/programs/the-backrooms/level0000-threshold/img/One_of_the_entrances_to_the_unrenovated_area_.webp]
[hhroses.art/programs/the-backrooms/level0000-threshold/0.2-Remodeled-Mess/exit.html]
[static.wikia.nocookie.net/kane-pixels-backrooms/images/a/ab/Neighborhood_Wall_Gap.webp_; filename_=UTF-8''Neighborhood_Wall_Gap.webp]
[hhroses.art/programs/the-backrooms/level0000-threshold/00007a1.html]
[devforum-uploads.s3.dualstack.us-east-2.amazonaws.com/uploads/original/5X/b/4/c/c/b4cca6773f653423787be6aafa6f97c93cd0e538.jpeg]
[hhroses.art/programs/the-backrooms/level0000-threshold/The-Darkrooms/0002.html]
[i.redd.it/nbsmq610jc291.jpg]
[hhroses.art/programs/the-backrooms/level0000-threshold/EXIT-TO-HABITABLE-001.html]
[static.wikia.nocookie.net/kane-pixels-backrooms/images/4/46/Backrooms_house.webp_; filename_=UTF-8''Backrooms_house.webp]
[hhroses.art/programs/the-backrooms/level0000-threshold/00007a6.html]
[static.wikia.nocookie.net/kane-pixels-backrooms/images/1/13/Pitfalls_Entrance_Tunnel_2.webp_; filename_=UTF-8''Pitfalls_Entrance_Tunnel_2.webp]
[hhroses.art/programs/the-backrooms/level0000-threshold/00007a4a.html]
[static.wikia.nocookie.net/kanepixelsbackrooms/images/4/40/The_Backrooms_%2528Found_Footage%2529_Thumbnail.webp_; filename_=UTF-8''The_Backrooms_%2528Found_Footage%2529_Thumbnail.webp]
[hhroses.art/programs/the-backrooms/level0000-threshold/something.html]
[hhroses.art/programs/the-backrooms/level0007-thalassophobia/imgs/001.png]
[hhroses.art/programs/the-backrooms/level0007-thalassophobia/kitchenb.html]
[hhroses.art/programs/the-backrooms/level0007-thalassophobia/imgs/nd thegfw.png]
[hhroses.art/programs/the-backrooms/level0007-thalassophobia/livingroom.html]
[static.wikia.nocookie.net/backrooms/images/6/63/0.7Room2.webp_; filename_=UTF-8''0.7Room2.webp]
[hhroses.art/programs/the-backrooms/level0000-threshold/0.7-Claustrophobia/hallway.html]
[preview.redd.it/i-went-through-the-elevator-and-now-im-in-the-red-rooms-is-v0-n3sacuujp2v815277.jpg]
[hhroses.art/programs/the-backrooms/level0000-threshold/Red-Rooms/0002.html]
[static.wikitide.net/backroomswiki/thumb/f/f9/Level_0.1.jpg/300px-Level_0.1.jpg]
[hhroses.art/programs/the-backrooms/level0000-threshold/Red-Rooms/0006b.html]
[hhroses.art/programs/the-backrooms/level0000-threshold/img/staircasetop.jpg]
[hhroses.art/programs/the-backrooms/level0000-threshold/0.2-Remodeled-Mess/staircase0.html]
[hhroses.art/programs/the-backrooms/level0000-threshold/img/remodeled-mess-v0-arn9pbc7xux81.webp]
[hhroses.art/programs/the-backrooms/level0000-threshold/0.2-Remodeled-Mess/0004b.html]
[static.wikia.nocookie.net/kane-pixels-backrooms/images/6/68/Backrooms_street.webp_; filename_=UTF-8''Backrooms_street.webp]
[hhroses.art/programs/the-backrooms/level0000-threshold/00007a2.html]
[static0.gamerantimages.com/wordpress/wp-content/uploads/2022/08/inside-the-backrooms-dark-room.jpg]
[hhroses.art/programs/the-backrooms/level0000-threshold/The-Darkrooms/0003.html]
[static.wikia.nocookie.net/backrooms/images/8/8d/0.7Smiler.webp_; filename_=UTF-8''0.7Smiler.webp]
[hhroses.art/programs/the-backrooms/level0000-threshold/0.7-Claustrophobia/smiler.html]
[external-preview.redd.it/got-to-go-on-a-tour-of-some-underground-tunnels-something-v0-bzVrYnppMGR4b3llMYzVb2rldDmDiLjNbkteGy92ZRoZBMJmDf_FMcGrhnsKf0b8.jpg]
[hhroses.art/programs/the-backrooms/level0001-habitable-zone/ENTRANCE001.html]
[static.wikia.nocookie.net/kane-pixels-backrooms/images/3/34/Inverted_Turn_Sign.webp_; filename_=UTF-8''Inverted_Turn_Sign.webp]
[hhroses.art/programs/the-backrooms/level0000-threshold/00007a7.html]
[hhroses.art/programs/the-backrooms/level0007-thalassophobia/imgs/9ubespzcnbc81.jpg]
[hhroses.art/programs/the-backrooms/level0007-thalassophobia/livingroomb.html]
[hhroses.art/audio/sound-effects/knocking/CrazyRealisticKnockingSound.mp3]
[static.wikia.nocookie.net/backrooms-freewriting/images/6/67/Level_27.webp_; filename_=UTF-8''Level_27.webp]
[hhroses.art/programs/the-backrooms/level0027-ligneous-desolation/doors.html]
[static.wikia.nocookie.net/backrooms/images/d/dc/Level_1.webp_; filename_=UTF-8''Level_1.webp]
[hhroses.art/audio/sound-effects/ambience/EmptyParkingGarage15min0883.mp3]
[hhroses.art/programs/the-backrooms/level0001-habitable-zone/aquila-sector.html]
[static.wikia.nocookie.net/backrooms-freewriting/images/4/4b/025a116bd9acd087910ed07a1a4b1599.webp_; filename_=UTF-8''025a116bd9acd087910ed07a1a4b1599.webp]
[hhroses.art/programs/the-backrooms/level0000-threshold/Red-Rooms/0003.html]
[hhroses.art/programs/the-backrooms/level0000-threshold/img/is-level-run-for-your-life-based-off-of-r-e-d-room-in-scary-v0-gy92cua95cyc1.webp]
[hhroses.art/programs/the-backrooms/level0000-threshold/Red-Rooms/redhallway.html]
[hhroses.art/programs/the-backrooms/level0000-threshold/img/remodeled-mess-v0-g6tkh5c7xux81.webp]
[hhroses.art/programs/the-backrooms/level0000-threshold/0.2-Remodeled-Mess/staircase1.html]
[static.wikia.nocookie.net/inside-the-backrooms/images/4/48/DarkRoomsIcon.webp_; filename_=UTF-8''DarkRoomsIcon.webp]
[hhroses.art/programs/the-backrooms/level0000-threshold/The-Darkrooms/0004a.html]
[hhroses.art/programs/the-backrooms/level0000-threshold/The-Darkrooms/0004b.html]
[static.wikia.nocookie.net/kane-pixels-backrooms/images/6/6d/Inverted_Turn_Signs_Run.webp_; filename_=UTF-8''Inverted_Turn_Signs_Run.webp]
[hhroses.art/programs/the-backrooms/level0000-threshold/00007a8.html]
[hhroses.art/programs/the-backrooms/level0007-thalassophobia/imgs/istockphoto-2192724504-612x612.jpg]
[hhroses.art/programs/the-backrooms/level0007-thalassophobia/garage.html]
[hhroses.art/audio/sound-effects/knocking/KNOCkKNOCK15sec.mp3]
[static.wikia.nocookie.net/backrooms/images/f/fd/Level_298-1.webp_; filename_=UTF-8''Level_298-1.webp]
[hhroses.art/programs/the-backrooms/level0027-ligneous-desolation/more-room.html]
[i.ytimg.com/vi/vSIztAWA5Xs/maxresdefault.jpg]
[hhroses.art/programs/the-backrooms/level0000-threshold/Red-Rooms/0004.html]
[static.wikia.nocookie.net/backrooms-redacted/images/9/96/Level0.%2521.corridor.webp_; filename_=UTF-8''Level0.%2521.corridor.webp]
[hhroses.art/programs/the-backrooms/level0000-threshold/Red-Rooms/hospitalbed.html]
[hhroses.art/programs/the-backrooms/level0000-threshold/img/remodeled-mess-part-2-v0-enttnw74psx81.png]
[hhroses.art/programs/the-backrooms/level0000-threshold/0.2-Remodeled-Mess/0005.html]
[hhroses.art/programs/the-backrooms/level0000-threshold/The-Darkrooms/0005b.html]
[hhroses.art/audio/sound-effects/knocking/LoudKnockingonDoor.mp3]
[static.wikia.nocookie.net/backrooms-freewriting/images/7/77/The_woodrooms_2.webp_; filename_=UTF-8''The_woodrooms_2.webp]
[hhroses.art/programs/the-backrooms/level0027-ligneous-desolation/small-hallway.html]
[external-preview.redd.it/the-redrooms-v0-dDIwYzFxNjdicGRlMbBXMcBaS0lHD6UhwsqCiDe4GIXPeOLkTBLeFyRBpcQd4406.jpg]
[hhroses.art/programs/the-backrooms/level0000-threshold/Red-Rooms/0005a.html]
[static.wikia.nocookie.net/backrooms-redacted/images/6/66/Level0.%2521.deadEnd.webp_; filename_=UTF-8''Level0.%2521.deadEnd.webp]
[hhroses.art/programs/the-backrooms/level0000-threshold/Red-Rooms/deadend.html]
[hhroses.art/programs/the-backrooms/level0000-threshold/Red-Rooms/0006a.html]
